Archive member included to satisfy reference by file (symbol)

/home/tim/dev/stm32/gcc-arm-none-eabi/bin/../lib/gcc/arm-none-eabi/5.3.1/../../../../arm-none-eabi/lib/armv7-m/libg_nano.a(lib_a-errno.o)
                              ./system/src/newlib/_sbrk.o (symbol from plugin) (__errno)
/home/tim/dev/stm32/gcc-arm-none-eabi/bin/../lib/gcc/arm-none-eabi/5.3.1/../../../../arm-none-eabi/lib/armv7-m/libg_nano.a(lib_a-impure.o)
                              /home/tim/dev/stm32/gcc-arm-none-eabi/bin/../lib/gcc/arm-none-eabi/5.3.1/../../../../arm-none-eabi/lib/armv7-m/libg_nano.a(lib_a-errno.o) (_impure_ptr)
/home/tim/dev/stm32/gcc-arm-none-eabi/bin/../lib/gcc/arm-none-eabi/5.3.1/../../../../arm-none-eabi/lib/armv7-m/libg_nano.a(lib_a-init.o)
                              ./system/src/cmsis/startup_stm32f103xb.o (__libc_init_array)
/home/tim/dev/stm32/gcc-arm-none-eabi/bin/../lib/gcc/arm-none-eabi/5.3.1/../../../../arm-none-eabi/lib/armv7-m/libg_nano.a(lib_a-strncmp.o)
                              ./src/pwgen.o (symbol from plugin) (strncmp)
/home/tim/dev/stm32/gcc-arm-none-eabi/bin/../lib/gcc/arm-none-eabi/5.3.1/../../../../arm-none-eabi/lib/armv7-m/libg_nano.a(lib_a-strncpy.o)
                              ./src/pwgen.o (symbol from plugin) (strncpy)
/home/tim/dev/stm32/gcc-arm-none-eabi/bin/../lib/gcc/arm-none-eabi/5.3.1/armv7-m/libgcc.a(_aeabi_uldivmod.o)
                              /tmp/ccPCJrFW.ltrans3.ltrans.o (__aeabi_uldivmod)
/home/tim/dev/stm32/gcc-arm-none-eabi/bin/../lib/gcc/arm-none-eabi/5.3.1/armv7-m/libgcc.a(_udivmoddi4.o)
                              /home/tim/dev/stm32/gcc-arm-none-eabi/bin/../lib/gcc/arm-none-eabi/5.3.1/armv7-m/libgcc.a(_aeabi_uldivmod.o) (__udivmoddi4)
/home/tim/dev/stm32/gcc-arm-none-eabi/bin/../lib/gcc/arm-none-eabi/5.3.1/armv7-m/libgcc.a(_dvmd_tls.o)
                              /home/tim/dev/stm32/gcc-arm-none-eabi/bin/../lib/gcc/arm-none-eabi/5.3.1/armv7-m/libgcc.a(_aeabi_uldivmod.o) (__aeabi_ldiv0)

Allocating common symbols
Common symbol       size              file

errno               0x4               ./system/src/newlib/_syscalls.o (symbol from plugin)
pFlash              0x20              ./system/src/stm32f1xx/stm32f1xx_hal_flash.o (symbol from plugin)
hpcd_USB_FS         0x420             ./src/usbd_conf.o (symbol from plugin)
USBD_StrDesc        0x200             ./src/usbd_desc.o (symbol from plugin)

Discarded input sections

 .text          0x00000000        0x0 ./system/src/stm32f1xx/stm32f1xx_hal.o (symbol from plugin)
 .text          0x00000000        0x0 /tmp/ccPCJrFW.ltrans0.ltrans.o
 .data          0x00000000        0x0 /tmp/ccPCJrFW.ltrans0.ltrans.o
 .bss           0x00000000        0x0 /tmp/ccPCJrFW.ltrans0.ltrans.o
 .text.HAL_SYSTICK_Callback
                0x00000000        0x4 /tmp/ccPCJrFW.ltrans0.ltrans.o
 .text.HAL_SYSTICK_IRQHandler
                0x00000000        0x4 /tmp/ccPCJrFW.ltrans0.ltrans.o
 .text          0x00000000        0x0 /tmp/ccPCJrFW.ltrans1.ltrans.o
 .data          0x00000000        0x0 /tmp/ccPCJrFW.ltrans1.ltrans.o
 .bss           0x00000000        0x0 /tmp/ccPCJrFW.ltrans1.ltrans.o
 .text._exit    0x00000000        0x4 /tmp/ccPCJrFW.ltrans1.ltrans.o
 .text.USB_EP0_OutStart
                0x00000000        0x4 /tmp/ccPCJrFW.ltrans1.ltrans.o
 .text.USB_DevDisconnect
                0x00000000        0x4 /tmp/ccPCJrFW.ltrans1.ltrans.o
 .text.USB_DevConnect
                0x00000000        0x4 /tmp/ccPCJrFW.ltrans1.ltrans.o
 .text.USB_SetCurrentMode
                0x00000000        0x4 /tmp/ccPCJrFW.ltrans1.ltrans.o
 .text.USB_CoreInit
                0x00000000       0x10 /tmp/ccPCJrFW.ltrans1.ltrans.o
 .text          0x00000000        0x0 /tmp/ccPCJrFW.ltrans2.ltrans.o
 .data          0x00000000        0x0 /tmp/ccPCJrFW.ltrans2.ltrans.o
 .bss           0x00000000        0x0 /tmp/ccPCJrFW.ltrans2.ltrans.o
 .text          0x00000000        0x0 /tmp/ccPCJrFW.ltrans3.ltrans.o
 .data          0x00000000        0x0 /tmp/ccPCJrFW.ltrans3.ltrans.o
 .bss           0x00000000        0x0 /tmp/ccPCJrFW.ltrans3.ltrans.o
 .text.HAL_PCDEx_SetConnectionState
                0x00000000        0x4 /tmp/ccPCJrFW.ltrans3.ltrans.o
 .text.USBD_static_free
                0x00000000        0x4 /tmp/ccPCJrFW.ltrans3.ltrans.o
 .text.assert_failed
                0x00000000        0x4 /tmp/ccPCJrFW.ltrans3.ltrans.o
 .text          0x00000000        0x0 ./system/src/stm32f1xx/stm32f1xx_hal_cortex.o (symbol from plugin)
 .text          0x00000000        0x0 ./system/src/stm32f1xx/stm32f1xx_hal_dma.o (symbol from plugin)
 .text          0x00000000        0x0 ./system/src/stm32f1xx/stm32f1xx_hal_flash.o (symbol from plugin)
 .text          0x00000000        0x0 ./system/src/stm32f1xx/stm32f1xx_hal_flash_ex.o (symbol from plugin)
 .text          0x00000000        0x0 ./system/src/stm32f1xx/stm32f1xx_hal_gpio.o (symbol from plugin)
 .text          0x00000000        0x0 ./system/src/stm32f1xx/stm32f1xx_hal_gpio_ex.o (symbol from plugin)
 .text          0x00000000        0x0 ./system/src/stm32f1xx/stm32f1xx_hal_pcd.o (symbol from plugin)
 .text          0x00000000        0x0 ./system/src/stm32f1xx/stm32f1xx_hal_pcd_ex.o (symbol from plugin)
 .text          0x00000000        0x0 ./system/src/stm32f1xx/stm32f1xx_hal_pwr.o (symbol from plugin)
 .text          0x00000000        0x0 ./system/src/stm32f1xx/stm32f1xx_hal_rcc.o (symbol from plugin)
 .text          0x00000000        0x0 ./system/src/stm32f1xx/stm32f1xx_hal_rcc_ex.o (symbol from plugin)
 .text          0x00000000        0x0 ./system/src/stm32f1xx/stm32f1xx_hal_tim.o (symbol from plugin)
 .text          0x00000000        0x0 ./system/src/stm32f1xx/stm32f1xx_hal_tim_ex.o (symbol from plugin)
 .text          0x00000000        0x0 ./system/src/stm32f1xx/stm32f1xx_ll_usb.o (symbol from plugin)
 .text          0x00000000        0x0 ./system/src/newlib/_cxx.o (symbol from plugin)
 .text          0x00000000        0x0 ./system/src/newlib/_exit.o (symbol from plugin)
 .text          0x00000000        0x0 ./system/src/newlib/_sbrk.o (symbol from plugin)
 .text          0x00000000        0x0 ./system/src/newlib/_startup.o (symbol from plugin)
 .text          0x00000000        0x0 ./system/src/newlib/_syscalls.o (symbol from plugin)
 .text          0x00000000        0x0 ./system/src/newlib/assert.o (symbol from plugin)
 .text          0x00000000        0x0 ./system/src/diag/Trace.o (symbol from plugin)
 .text          0x00000000        0x0 ./system/src/diag/trace_impl.o (symbol from plugin)
 .text          0x00000000        0x0 ./system/src/cortexm/_initialize_hardware.o (symbol from plugin)
 .text          0x00000000        0x0 ./system/src/cortexm/_reset_hardware.o (symbol from plugin)
 .text          0x00000000        0x0 ./system/src/cortexm/exception_handlers.o (symbol from plugin)
 .text          0x00000000       0x14 ./system/src/cmsis/startup_stm32f103xb.o
 .data          0x00000000        0x0 ./system/src/cmsis/startup_stm32f103xb.o
 .bss           0x00000000        0x0 ./system/src/cmsis/startup_stm32f103xb.o
 .text.Reset_Handler
                0x00000000       0x48 ./system/src/cmsis/startup_stm32f103xb.o
 .text          0x00000000        0x0 ./system/src/cmsis/system_stm32f1xx.o (symbol from plugin)
 .text          0x00000000        0x0 ./src/main.o (symbol from plugin)
 .text          0x00000000        0x0 ./src/pwgen.o (symbol from plugin)
 .text          0x00000000        0x0 ./src/stm32f1xx_hal_msp.o (symbol from plugin)
 .text          0x00000000        0x0 ./src/stm32f1xx_it.o (symbol from plugin)
 .text          0x00000000        0x0 ./src/usb_device.o (symbol from plugin)
 .text          0x00000000        0x0 ./src/usbd_conf.o (symbol from plugin)
 .text          0x00000000        0x0 ./src/usbd_desc.o (symbol from plugin)
 .text          0x00000000        0x0 ./Middlewares/ST/STM32_USB_Device_Library/Core/Src/usbd_core.o (symbol from plugin)
 .text          0x00000000        0x0 ./Middlewares/ST/STM32_USB_Device_Library/Core/Src/usbd_ctlreq.o (symbol from plugin)
 .text          0x00000000        0x0 ./Middlewares/ST/STM32_USB_Device_Library/Core/Src/usbd_ioreq.o (symbol from plugin)
 .text          0x00000000        0x0 ./Middlewares/ST/STM32_USB_Device_Library/Class/HID/Src/usbd_hid.o (symbol from plugin)
 .text          0x00000000        0x0 /home/tim/dev/stm32/gcc-arm-none-eabi/bin/../lib/gcc/arm-none-eabi/5.3.1/../../../../arm-none-eabi/lib/armv7-m/libg_nano.a(lib_a-errno.o)
 .data          0x00000000        0x0 /home/tim/dev/stm32/gcc-arm-none-eabi/bin/../lib/gcc/arm-none-eabi/5.3.1/../../../../arm-none-eabi/lib/armv7-m/libg_nano.a(lib_a-errno.o)
 .bss           0x00000000        0x0 /home/tim/dev/stm32/gcc-arm-none-eabi/bin/../lib/gcc/arm-none-eabi/5.3.1/../../../../arm-none-eabi/lib/armv7-m/libg_nano.a(lib_a-errno.o)
 .text.__errno  0x00000000        0xc /home/tim/dev/stm32/gcc-arm-none-eabi/bin/../lib/gcc/arm-none-eabi/5.3.1/../../../../arm-none-eabi/lib/armv7-m/libg_nano.a(lib_a-errno.o)
 .debug_frame   0x00000000       0x20 /home/tim/dev/stm32/gcc-arm-none-eabi/bin/../lib/gcc/arm-none-eabi/5.3.1/../../../../arm-none-eabi/lib/armv7-m/libg_nano.a(lib_a-errno.o)
 .ARM.attributes
                0x00000000       0x2d /home/tim/dev/stm32/gcc-arm-none-eabi/bin/../lib/gcc/arm-none-eabi/5.3.1/../../../../arm-none-eabi/lib/armv7-m/libg_nano.a(lib_a-errno.o)
 .text          0x00000000        0x0 /home/tim/dev/stm32/gcc-arm-none-eabi/bin/../lib/gcc/arm-none-eabi/5.3.1/../../../../arm-none-eabi/lib/armv7-m/libg_nano.a(lib_a-impure.o)
 .data          0x00000000        0x0 /home/tim/dev/stm32/gcc-arm-none-eabi/bin/../lib/gcc/arm-none-eabi/5.3.1/../../../../arm-none-eabi/lib/armv7-m/libg_nano.a(lib_a-impure.o)
 .bss           0x00000000        0x0 /home/tim/dev/stm32/gcc-arm-none-eabi/bin/../lib/gcc/arm-none-eabi/5.3.1/../../../../arm-none-eabi/lib/armv7-m/libg_nano.a(lib_a-impure.o)
 .data.impure_data
                0x00000000       0x60 /home/tim/dev/stm32/gcc-arm-none-eabi/bin/../lib/gcc/arm-none-eabi/5.3.1/../../../../arm-none-eabi/lib/armv7-m/libg_nano.a(lib_a-impure.o)
 .data._impure_ptr
                0x00000000        0x4 /home/tim/dev/stm32/gcc-arm-none-eabi/bin/../lib/gcc/arm-none-eabi/5.3.1/../../../../arm-none-eabi/lib/armv7-m/libg_nano.a(lib_a-impure.o)
 .rodata.str1.1
                0x00000000        0x2 /home/tim/dev/stm32/gcc-arm-none-eabi/bin/../lib/gcc/arm-none-eabi/5.3.1/../../../../arm-none-eabi/lib/armv7-m/libg_nano.a(lib_a-impure.o)
 .rodata._global_impure_ptr
                0x00000000        0x4 /home/tim/dev/stm32/gcc-arm-none-eabi/bin/../lib/gcc/arm-none-eabi/5.3.1/../../../../arm-none-eabi/lib/armv7-m/libg_nano.a(lib_a-impure.o)
 .ARM.attributes
                0x00000000       0x2d /home/tim/dev/stm32/gcc-arm-none-eabi/bin/../lib/gcc/arm-none-eabi/5.3.1/../../../../arm-none-eabi/lib/armv7-m/libg_nano.a(lib_a-impure.o)
 .text          0x00000000        0x0 /home/tim/dev/stm32/gcc-arm-none-eabi/bin/../lib/gcc/arm-none-eabi/5.3.1/../../../../arm-none-eabi/lib/armv7-m/libg_nano.a(lib_a-init.o)
 .data          0x00000000        0x0 /home/tim/dev/stm32/gcc-arm-none-eabi/bin/../lib/gcc/arm-none-eabi/5.3.1/../../../../arm-none-eabi/lib/armv7-m/libg_nano.a(lib_a-init.o)
 .bss           0x00000000        0x0 /home/tim/dev/stm32/gcc-arm-none-eabi/bin/../lib/gcc/arm-none-eabi/5.3.1/../../../../arm-none-eabi/lib/armv7-m/libg_nano.a(lib_a-init.o)
 .text.__libc_init_array
                0x00000000       0x4c /home/tim/dev/stm32/gcc-arm-none-eabi/bin/../lib/gcc/arm-none-eabi/5.3.1/../../../../arm-none-eabi/lib/armv7-m/libg_nano.a(lib_a-init.o)
 .debug_frame   0x00000000       0x2c /home/tim/dev/stm32/gcc-arm-none-eabi/bin/../lib/gcc/arm-none-eabi/5.3.1/../../../../arm-none-eabi/lib/armv7-m/libg_nano.a(lib_a-init.o)
 .ARM.attributes
                0x00000000       0x2d /home/tim/dev/stm32/gcc-arm-none-eabi/bin/../lib/gcc/arm-none-eabi/5.3.1/../../../../arm-none-eabi/lib/armv7-m/libg_nano.a(lib_a-init.o)
 .text          0x00000000        0x0 /home/tim/dev/stm32/gcc-arm-none-eabi/bin/../lib/gcc/arm-none-eabi/5.3.1/../../../../arm-none-eabi/lib/armv7-m/libg_nano.a(lib_a-strncmp.o)
 .data          0x00000000        0x0 /home/tim/dev/stm32/gcc-arm-none-eabi/bin/../lib/gcc/arm-none-eabi/5.3.1/../../../../arm-none-eabi/lib/armv7-m/libg_nano.a(lib_a-strncmp.o)
 .bss           0x00000000        0x0 /home/tim/dev/stm32/gcc-arm-none-eabi/bin/../lib/gcc/arm-none-eabi/5.3.1/../../../../arm-none-eabi/lib/armv7-m/libg_nano.a(lib_a-strncmp.o)
 .text          0x00000000        0x0 /home/tim/dev/stm32/gcc-arm-none-eabi/bin/../lib/gcc/arm-none-eabi/5.3.1/../../../../arm-none-eabi/lib/armv7-m/libg_nano.a(lib_a-strncpy.o)
 .data          0x00000000        0x0 /home/tim/dev/stm32/gcc-arm-none-eabi/bin/../lib/gcc/arm-none-eabi/5.3.1/../../../../arm-none-eabi/lib/armv7-m/libg_nano.a(lib_a-strncpy.o)
 .bss           0x00000000        0x0 /home/tim/dev/stm32/gcc-arm-none-eabi/bin/../lib/gcc/arm-none-eabi/5.3.1/../../../../arm-none-eabi/lib/armv7-m/libg_nano.a(lib_a-strncpy.o)
 .data          0x00000000        0x0 /home/tim/dev/stm32/gcc-arm-none-eabi/bin/../lib/gcc/arm-none-eabi/5.3.1/armv7-m/libgcc.a(_aeabi_uldivmod.o)
 .bss           0x00000000        0x0 /home/tim/dev/stm32/gcc-arm-none-eabi/bin/../lib/gcc/arm-none-eabi/5.3.1/armv7-m/libgcc.a(_aeabi_uldivmod.o)
 .data          0x00000000        0x0 /home/tim/dev/stm32/gcc-arm-none-eabi/bin/../lib/gcc/arm-none-eabi/5.3.1/armv7-m/libgcc.a(_udivmoddi4.o)
 .bss           0x00000000        0x0 /home/tim/dev/stm32/gcc-arm-none-eabi/bin/../lib/gcc/arm-none-eabi/5.3.1/armv7-m/libgcc.a(_udivmoddi4.o)
 .ARM.extab     0x00000000        0x0 /home/tim/dev/stm32/gcc-arm-none-eabi/bin/../lib/gcc/arm-none-eabi/5.3.1/armv7-m/libgcc.a(_udivmoddi4.o)
 .data          0x00000000        0x0 /home/tim/dev/stm32/gcc-arm-none-eabi/bin/../lib/gcc/arm-none-eabi/5.3.1/armv7-m/libgcc.a(_dvmd_tls.o)
 .bss           0x00000000        0x0 /home/tim/dev/stm32/gcc-arm-none-eabi/bin/../lib/gcc/arm-none-eabi/5.3.1/armv7-m/libgcc.a(_dvmd_tls.o)

Memory Configuration

Name             Origin             Length             Attributes
RAM              0x20000000         0x00005000         xrw
CCMRAM           0x00000000         0x00000000         xrw
FLASH            0x08000000         0x00010000         xr
FLASHB1          0x00000000         0x00000000         xr
EXTMEMB0         0x00000000         0x00000000         xr
EXTMEMB1         0x00000000         0x00000000         xr
EXTMEMB2         0x00000000         0x00000000         xr
EXTMEMB3         0x00000000         0x00000000         xr
MEMORY_ARRAY     0x00000000         0x00000000         xrw
*default*        0x00000000         0xffffffff

Linker script and memory map

LOAD ./system/src/stm32f1xx/stm32f1xx_hal.o
LOAD /tmp/ccPCJrFW.ltrans0.ltrans.o
LOAD /tmp/ccPCJrFW.ltrans1.ltrans.o
LOAD /tmp/ccPCJrFW.ltrans2.ltrans.o
LOAD /tmp/ccPCJrFW.ltrans3.ltrans.o
LOAD ./system/src/stm32f1xx/stm32f1xx_hal_cortex.o
LOAD ./system/src/stm32f1xx/stm32f1xx_hal_dma.o
LOAD ./system/src/stm32f1xx/stm32f1xx_hal_flash.o
LOAD ./system/src/stm32f1xx/stm32f1xx_hal_flash_ex.o
LOAD ./system/src/stm32f1xx/stm32f1xx_hal_gpio.o
LOAD ./system/src/stm32f1xx/stm32f1xx_hal_gpio_ex.o
LOAD ./system/src/stm32f1xx/stm32f1xx_hal_pcd.o
LOAD ./system/src/stm32f1xx/stm32f1xx_hal_pcd_ex.o
LOAD ./system/src/stm32f1xx/stm32f1xx_hal_pwr.o
LOAD ./system/src/stm32f1xx/stm32f1xx_hal_rcc.o
LOAD ./system/src/stm32f1xx/stm32f1xx_hal_rcc_ex.o
LOAD ./system/src/stm32f1xx/stm32f1xx_hal_tim.o
LOAD ./system/src/stm32f1xx/stm32f1xx_hal_tim_ex.o
LOAD ./system/src/stm32f1xx/stm32f1xx_ll_usb.o
LOAD ./system/src/newlib/_cxx.o
LOAD ./system/src/newlib/_exit.o
LOAD ./system/src/newlib/_sbrk.o
LOAD ./system/src/newlib/_startup.o
LOAD ./system/src/newlib/_syscalls.o
LOAD ./system/src/newlib/assert.o
LOAD ./system/src/diag/Trace.o
LOAD ./system/src/diag/trace_impl.o
LOAD ./system/src/cortexm/_initialize_hardware.o
LOAD ./system/src/cortexm/_reset_hardware.o
LOAD ./system/src/cortexm/exception_handlers.o
LOAD ./system/src/cmsis/startup_stm32f103xb.o
LOAD ./system/src/cmsis/system_stm32f1xx.o
LOAD ./src/main.o
LOAD ./src/pwgen.o
LOAD ./src/stm32f1xx_hal_msp.o
LOAD ./src/stm32f1xx_it.o
LOAD ./src/usb_device.o
LOAD ./src/usbd_conf.o
LOAD ./src/usbd_desc.o
LOAD ./Middlewares/ST/STM32_USB_Device_Library/Core/Src/usbd_core.o
LOAD ./Middlewares/ST/STM32_USB_Device_Library/Core/Src/usbd_ctlreq.o
LOAD ./Middlewares/ST/STM32_USB_Device_Library/Core/Src/usbd_ioreq.o
LOAD ./Middlewares/ST/STM32_USB_Device_Library/Class/HID/Src/usbd_hid.o
LOAD /home/tim/dev/stm32/gcc-arm-none-eabi/bin/../lib/gcc/arm-none-eabi/5.3.1/../../../../arm-none-eabi/lib/armv7-m/libstdc++_nano.a
LOAD /home/tim/dev/stm32/gcc-arm-none-eabi/bin/../lib/gcc/arm-none-eabi/5.3.1/../../../../arm-none-eabi/lib/armv7-m/libm.a
START GROUP
LOAD /home/tim/dev/stm32/gcc-arm-none-eabi/bin/../lib/gcc/arm-none-eabi/5.3.1/armv7-m/libgcc.a
LOAD /home/tim/dev/stm32/gcc-arm-none-eabi/bin/../lib/gcc/arm-none-eabi/5.3.1/../../../../arm-none-eabi/lib/armv7-m/libg_nano.a
LOAD /home/tim/dev/stm32/gcc-arm-none-eabi/bin/../lib/gcc/arm-none-eabi/5.3.1/../../../../arm-none-eabi/lib/armv7-m/libc_nano.a
END GROUP
START GROUP
LOAD /home/tim/dev/stm32/gcc-arm-none-eabi/bin/../lib/gcc/arm-none-eabi/5.3.1/armv7-m/libgcc.a
LOAD /home/tim/dev/stm32/gcc-arm-none-eabi/bin/../lib/gcc/arm-none-eabi/5.3.1/../../../../arm-none-eabi/lib/armv7-m/libc_nano.a
END GROUP
                0x20005000                __stack = (ORIGIN (RAM) + LENGTH (RAM))
                0x20005000                _estack = __stack
                0x00000400                __Main_Stack_Size = 0x400
                [!provide]                PROVIDE (_Main_Stack_Size, __Main_Stack_Size)
                0x20004c00                __Main_Stack_Limit = (__stack - __Main_Stack_Size)
                [!provide]                PROVIDE (_Main_Stack_Limit, __Main_Stack_Limit)
                0x00000100                _Minimum_Stack_Size = 0x100
                0x20000968                PROVIDE (_Heap_Begin, _end_noinit)
                0x20004c00                PROVIDE (_Heap_Limit, (__stack - __Main_Stack_Size))

.isr_vector     0x08000000      0x20c
 FILL mask 0xff
                0x08000000                __vectors_start = ABSOLUTE (.)
                0x08000000                __vectors_start__ = ABSOLUTE (.)
 *(.isr_vector)
 .isr_vector    0x08000000      0x10c ./system/src/cmsis/startup_stm32f103xb.o
                0x08000000                g_pfnVectors
 *(.cfmconfig)
 *(.after_vectors .after_vectors.*)
 .after_vectors
                0x0800010c      0x100 /tmp/ccPCJrFW.ltrans1.ltrans.o
                0x0800010c                UsageFault_Handler_C
                0x08000110                BusFault_Handler_C
                0x08000114                HardFault_Handler_C
                0x08000118                _start
                0x08000204                Reset_Handler

.inits          0x0800020c       0x28
                0x0800020c                __data_regions_array_start = .
                0x0800020c        0x4 LONG 0x800ca94 LOADADDR (.data)
                0x08000210        0x4 LONG 0x20000000 ADDR (.data)
                0x08000214        0x4 LONG 0x20000100 (ADDR (.data) + SIZEOF (.data))
                0x08000218        0x4 LONG 0x800ca94 LOADADDR (.data_CCMRAM)
                0x0800021c        0x4 LONG 0x0 ADDR (.data_CCMRAM)
                0x08000220        0x4 LONG 0x0 (ADDR (.data_CCMRAM) + SIZEOF (.data_CCMRAM))
                0x08000224                __data_regions_array_end = .
                0x08000224                __bss_regions_array_start = .
                0x08000224        0x4 LONG 0x20000100 ADDR (.bss)
                0x08000228        0x4 LONG 0x20000968 (ADDR (.bss) + SIZEOF (.bss))
                0x0800022c        0x4 LONG 0x0 ADDR (.bss_CCMRAM)
                0x08000230        0x4 LONG 0x0 (ADDR (.bss_CCMRAM) + SIZEOF (.bss_CCMRAM))
                0x08000234                __bss_regions_array_end = .
 *(.init)
 *(.fini)
                0x08000234                . = ALIGN (0x4)
                0x08000234                PROVIDE (__preinit_array_start, .)
 *(.preinit_array_sysinit .preinit_array_sysinit.*)
 *(.preinit_array_platform .preinit_array_platform.*)
 *(.preinit_array .preinit_array.*)
                0x08000234                PROVIDE (__preinit_array_end, .)
                0x08000234                . = ALIGN (0x4)
                0x08000234                PROVIDE (__init_array_start, .)
 *(SORT(.init_array.*))
 *(.init_array)
                0x08000234                PROVIDE (__init_array_end, .)
                0x08000234                . = ALIGN (0x4)
                0x08000234                PROVIDE (__fini_array_start, .)
 *(SORT(.fini_array.*))
 *(.fini_array)
                0x08000234                PROVIDE (__fini_array_end, .)

.flashtext
 *(.flashtext .flashtext.*)

.text           0x08000238     0xc854
 *(.text .text.*)
 .text.HAL_PCDEx_PMAConfig
                0x08000238       0x38 /tmp/ccPCJrFW.ltrans0.ltrans.o
                0x08000238                HAL_PCDEx_PMAConfig
 .text.HAL_PCD_EP_ClrStall
                0x08000270       0x50 /tmp/ccPCJrFW.ltrans0.ltrans.o
                0x08000270                HAL_PCD_EP_ClrStall
 .text.HAL_PCD_EP_SetStall
                0x080002c0       0x50 /tmp/ccPCJrFW.ltrans0.ltrans.o
                0x080002c0                HAL_PCD_EP_SetStall
 .text.HAL_PCD_EP_Transmit
                0x08000310       0x54 /tmp/ccPCJrFW.ltrans0.ltrans.o
                0x08000310                HAL_PCD_EP_Transmit
 .text.HAL_PCD_EP_Receive
                0x08000364       0x58 /tmp/ccPCJrFW.ltrans0.ltrans.o
                0x08000364                HAL_PCD_EP_Receive
 .text.PCD_EP_ISR_Handler
                0x080003bc      0x45c /tmp/ccPCJrFW.ltrans0.ltrans.o
 .text.HAL_PCD_EP_Close
                0x08000818       0x50 /tmp/ccPCJrFW.ltrans0.ltrans.o
                0x08000818                HAL_PCD_EP_Close
 .text.HAL_PCD_EP_Open
                0x08000868       0x54 /tmp/ccPCJrFW.ltrans0.ltrans.o
                0x08000868                HAL_PCD_EP_Open
 .text.HAL_PCD_SetAddress
                0x080008bc       0x28 /tmp/ccPCJrFW.ltrans0.ltrans.o
                0x080008bc                HAL_PCD_SetAddress
 .text.HAL_PCD_IRQHandler
                0x080008e4      0x154 /tmp/ccPCJrFW.ltrans0.ltrans.o
                0x080008e4                HAL_PCD_IRQHandler
 .text.HAL_PCD_Start
                0x08000a38       0x24 /tmp/ccPCJrFW.ltrans0.ltrans.o
                0x08000a38                HAL_PCD_Start
 .text.HAL_PCD_Init
                0x08000a5c       0xb4 /tmp/ccPCJrFW.ltrans0.ltrans.o
                0x08000a5c                HAL_PCD_Init
 .text.HAL_GPIO_ReadPin
                0x08000b10       0x10 /tmp/ccPCJrFW.ltrans0.ltrans.o
                0x08000b10                HAL_GPIO_ReadPin
 .text.HAL_GPIO_Init
                0x08000b20      0x1dc /tmp/ccPCJrFW.ltrans0.ltrans.o
                0x08000b20                HAL_GPIO_Init
 .text.HAL_SYSTICK_CLKSourceConfig
                0x08000cfc       0x20 /tmp/ccPCJrFW.ltrans0.ltrans.o
                0x08000cfc                HAL_SYSTICK_CLKSourceConfig
 .text.HAL_SYSTICK_Config
                0x08000d1c       0x2c /tmp/ccPCJrFW.ltrans0.ltrans.o
                0x08000d1c                HAL_SYSTICK_Config
 .text.HAL_NVIC_EnableIRQ
                0x08000d48       0x18 /tmp/ccPCJrFW.ltrans0.ltrans.o
                0x08000d48                HAL_NVIC_EnableIRQ
 .text.HAL_NVIC_SetPriority
                0x08000d60       0x64 /tmp/ccPCJrFW.ltrans0.ltrans.o
                0x08000d60                HAL_NVIC_SetPriority
 .text.HAL_InitTick
                0x08000dc4       0x28 /tmp/ccPCJrFW.ltrans0.ltrans.o
 .text.HAL_NVIC_SetPriorityGrouping
                0x08000dec       0x24 /tmp/ccPCJrFW.ltrans0.ltrans.o
                0x08000dec                HAL_NVIC_SetPriorityGrouping
 .text.HAL_GetTick
                0x08000e10        0xc /tmp/ccPCJrFW.ltrans0.ltrans.o
                0x08000e10                HAL_GetTick
 .text.HAL_RCC_ClockConfig
                0x08000e1c      0x1e4 /tmp/ccPCJrFW.ltrans0.ltrans.o
                0x08000e1c                HAL_RCC_ClockConfig
 .text.HAL_Delay
                0x08001000       0x1c /tmp/ccPCJrFW.ltrans0.ltrans.o
                0x08001000                HAL_Delay
 .text.HAL_RCC_OscConfig
                0x0800101c      0x5f0 /tmp/ccPCJrFW.ltrans0.ltrans.o
                0x0800101c                HAL_RCC_OscConfig
 .text.HAL_IncTick
                0x0800160c       0x10 /tmp/ccPCJrFW.ltrans0.ltrans.o
                0x0800160c                HAL_IncTick
 .text.HAL_Init
                0x0800161c       0x24 /tmp/ccPCJrFW.ltrans0.ltrans.o
                0x0800161c                HAL_Init
 .text.ascii_to_keycode
                0x08001640       0x3c /tmp/ccPCJrFW.ltrans1.ltrans.o
 .text.ascii_is_caps
                0x0800167c       0x10 /tmp/ccPCJrFW.ltrans1.ltrans.o
 .text.SystemCoreClockUpdate
                0x0800168c       0x94 /tmp/ccPCJrFW.ltrans1.ltrans.o
 .text.__initialize_hardware
                0x08001720        0x8 /tmp/ccPCJrFW.ltrans1.ltrans.o
 .text.__initialize_args
                0x08001728       0x10 /tmp/ccPCJrFW.ltrans1.ltrans.o
 .text.send_kb_report
                0x08001738       0x38 /tmp/ccPCJrFW.ltrans1.ltrans.o
 .text.send_password
                0x08001770       0x70 /tmp/ccPCJrFW.ltrans1.ltrans.o
                0x08001770                send_password
 .text.SystemInit
                0x080017e0       0x4c /tmp/ccPCJrFW.ltrans1.ltrans.o
                0x080017e0                SystemInit
 .text.__initialize_hardware_early
                0x0800182c       0x18 /tmp/ccPCJrFW.ltrans1.ltrans.o
 .text.USB_ReadPMA
                0x08001844       0x20 /tmp/ccPCJrFW.ltrans1.ltrans.o
                0x08001844                USB_ReadPMA
 .text.USB_WritePMA
                0x08001864       0x28 /tmp/ccPCJrFW.ltrans1.ltrans.o
                0x08001864                USB_WritePMA
 .text.USB_ReadInterrupts
                0x0800188c        0x8 /tmp/ccPCJrFW.ltrans1.ltrans.o
                0x0800188c                USB_ReadInterrupts
 .text.USB_SetDevAddress
                0x08001894        0xc /tmp/ccPCJrFW.ltrans1.ltrans.o
                0x08001894                USB_SetDevAddress
 .text.USB_EPClearStall
                0x080018a0       0x98 /tmp/ccPCJrFW.ltrans1.ltrans.o
                0x080018a0                USB_EPClearStall
 .text.USB_EPSetStall
                0x08001938       0x70 /tmp/ccPCJrFW.ltrans1.ltrans.o
                0x08001938                USB_EPSetStall
 .text.USB_EPStartXfer
                0x080019a8      0x2e8 /tmp/ccPCJrFW.ltrans1.ltrans.o
                0x080019a8                USB_EPStartXfer
 .text.USB_DeactivateEndpoint
                0x08001c90      0x1d0 /tmp/ccPCJrFW.ltrans1.ltrans.o
                0x08001c90                USB_DeactivateEndpoint
 .text.USB_ActivateEndpoint
                0x08001e60      0x33c /tmp/ccPCJrFW.ltrans1.ltrans.o
                0x08001e60                USB_ActivateEndpoint
 .text.USB_DevInit
                0x0800219c       0x28 /tmp/ccPCJrFW.ltrans1.ltrans.o
                0x0800219c                USB_DevInit
 .text.USB_DisableGlobalInt
                0x080021c4       0x14 /tmp/ccPCJrFW.ltrans1.ltrans.o
                0x080021c4                USB_DisableGlobalInt
 .text.USB_EnableGlobalInt
                0x080021d8       0x14 /tmp/ccPCJrFW.ltrans1.ltrans.o
                0x080021d8                USB_EnableGlobalInt
 .text.HAL_RCCEx_PeriphCLKConfig
                0x080021ec      0x138 /tmp/ccPCJrFW.ltrans1.ltrans.o
                0x080021ec                HAL_RCCEx_PeriphCLKConfig
 .text.HAL_RCC_GetHCLKFreq
                0x08002324        0xc /tmp/ccPCJrFW.ltrans1.ltrans.o
                0x08002324                HAL_RCC_GetHCLKFreq
 .text.HAL_RCC_GetSysClockFreq
                0x08002330       0x94 /tmp/ccPCJrFW.ltrans1.ltrans.o
                0x08002330                HAL_RCC_GetSysClockFreq
 .text.USBD_HID_GetDeviceQualifierDesc.lto_priv.5
                0x080023c4        0xc /tmp/ccPCJrFW.ltrans2.ltrans.o
                0x080023c4                USBD_HID_GetDeviceQualifierDesc.lto_priv.5
 .text.USBD_HID_DataIn.lto_priv.3
                0x080023d0        0xc /tmp/ccPCJrFW.ltrans2.ltrans.o
                0x080023d0                USBD_HID_DataIn.lto_priv.3
 .text.USBD_HID_GetCfgDesc.lto_priv.4
                0x080023dc        0xc /tmp/ccPCJrFW.ltrans2.ltrans.o
                0x080023dc                USBD_HID_GetCfgDesc.lto_priv.4
 .text.USBD_GetLen
                0x080023e8       0x14 /tmp/ccPCJrFW.ltrans2.ltrans.o
 .text.USBD_CtlSendStatus
                0x080023fc       0x18 /tmp/ccPCJrFW.ltrans2.ltrans.o
 .text.USBD_SetFeature
                0x08002414       0x20 /tmp/ccPCJrFW.ltrans2.ltrans.o
 .text.USBD_CtlContinueSendData
                0x08002434       0x10 /tmp/ccPCJrFW.ltrans2.ltrans.o
 .text.USBD_CtlSendData
                0x08002444       0x1c /tmp/ccPCJrFW.ltrans2.ltrans.o
 .text.USBD_HID_DeInit.lto_priv.1
                0x08002460       0x1c /tmp/ccPCJrFW.ltrans2.ltrans.o
                0x08002460                USBD_HID_DeInit.lto_priv.1
 .text.USBD_HID_Init.lto_priv.0
                0x0800247c       0x28 /tmp/ccPCJrFW.ltrans2.ltrans.o
                0x0800247c                USBD_HID_Init.lto_priv.0
 .text.USBD_CtlReceiveStatus
                0x080024a4       0x18 /tmp/ccPCJrFW.ltrans2.ltrans.o
 .text.USBD_CtlContinueRx
                0x080024bc       0x10 /tmp/ccPCJrFW.ltrans2.ltrans.o
 .text.USBD_CtlError
                0x080024cc       0x14 /tmp/ccPCJrFW.ltrans2.ltrans.o
 .text.USBD_HID_Setup.lto_priv.2
                0x080024e0       0xb8 /tmp/ccPCJrFW.ltrans2.ltrans.o
                0x080024e0                USBD_HID_Setup.lto_priv.2
 .text.USBD_ClrFeature
                0x08002598       0x30 /tmp/ccPCJrFW.ltrans2.ltrans.o
 .text.USBD_GetStatus
                0x080025c8       0x2c /tmp/ccPCJrFW.ltrans2.ltrans.o
 .text.USBD_GetConfig
                0x080025f4       0x3c /tmp/ccPCJrFW.ltrans2.ltrans.o
 .text.USBD_GetDescriptor
                0x08002630      0x130 /tmp/ccPCJrFW.ltrans2.ltrans.o
 .text.USBD_SetConfig
                0x08002760       0xa8 /tmp/ccPCJrFW.ltrans2.ltrans.o
 .text.USBD_SetAddress
                0x08002808       0x4c /tmp/ccPCJrFW.ltrans2.ltrans.o
 .text.USBD_HID_GetPollingInterval
                0x08002854        0xc /tmp/ccPCJrFW.ltrans2.ltrans.o
                0x08002854                USBD_HID_GetPollingInterval
 .text.USBD_HID_SendReport
                0x08002860       0x24 /tmp/ccPCJrFW.ltrans2.ltrans.o
                0x08002860                USBD_HID_SendReport
 .text.USBD_GetString
                0x08002884       0x3c /tmp/ccPCJrFW.ltrans2.ltrans.o
                0x08002884                USBD_GetString
 .text.USBD_ParseSetupRequest
                0x080028c0       0x28 /tmp/ccPCJrFW.ltrans2.ltrans.o
                0x080028c0                USBD_ParseSetupRequest
 .text.USBD_StdEPReq
                0x080028e8      0x11c /tmp/ccPCJrFW.ltrans2.ltrans.o
                0x080028e8                USBD_StdEPReq
 .text.USBD_StdItfReq
                0x08002a04       0x38 /tmp/ccPCJrFW.ltrans2.ltrans.o
                0x08002a04                USBD_StdItfReq
 .text.USBD_StdDevReq
                0x08002a3c       0x48 /tmp/ccPCJrFW.ltrans2.ltrans.o
                0x08002a3c                USBD_StdDevReq
 .text.USBD_LL_SOF
                0x08002a84       0x18 /tmp/ccPCJrFW.ltrans2.ltrans.o
                0x08002a84                USBD_LL_SOF
 .text.USBD_LL_Resume
                0x08002a9c        0xc /tmp/ccPCJrFW.ltrans2.ltrans.o
                0x08002a9c                USBD_LL_Resume
 .text.USBD_LL_Suspend
                0x08002aa8       0x14 /tmp/ccPCJrFW.ltrans2.ltrans.o
                0x08002aa8                USBD_LL_Suspend
 .text.USBD_LL_SetSpeed
                0x08002abc        0x8 /tmp/ccPCJrFW.ltrans2.ltrans.o
                0x08002abc                USBD_LL_SetSpeed
 .text.USBD_LL_Reset
                0x08002ac4       0x40 /tmp/ccPCJrFW.ltrans2.ltrans.o
                0x08002ac4                USBD_LL_Reset
 .text.USBD_LL_DataInStage
                0x08002b04       0xac /tmp/ccPCJrFW.ltrans2.ltrans.o
                0x08002b04                USBD_LL_DataInStage
 .text.USBD_LL_DataOutStage
                0x08002bb0       0x68 /tmp/ccPCJrFW.ltrans2.ltrans.o
                0x08002bb0                USBD_LL_DataOutStage
 .text.USBD_RegisterClass
                0x08002c18       0x10 /tmp/ccPCJrFW.ltrans3.ltrans.o
 .text.USBD_FS_LangIDStrDescriptor
                0x08002c28        0xc /tmp/ccPCJrFW.ltrans3.ltrans.o
 .text.USBD_FS_DeviceDescriptor
                0x08002c34        0xc /tmp/ccPCJrFW.ltrans3.ltrans.o
 .text.pwgen_output_internal
                0x08002c40      0x2ec /tmp/ccPCJrFW.ltrans3.ltrans.o
 .text.pwgen_init
                0x08002f2c        0xc /tmp/ccPCJrFW.ltrans3.ltrans.o
 .text.Error_Handler
                0x08002f38        0x4 /tmp/ccPCJrFW.ltrans3.ltrans.o
 .text.USBD_FS_InterfaceStrDescriptor
                0x08002f3c       0x24 /tmp/ccPCJrFW.ltrans3.ltrans.o
 .text.USBD_FS_ConfigStrDescriptor
                0x08002f60       0x24 /tmp/ccPCJrFW.ltrans3.ltrans.o
 .text.USBD_FS_SerialStrDescriptor
                0x08002f84       0x24 /tmp/ccPCJrFW.ltrans3.ltrans.o
 .text.USBD_FS_ManufacturerStrDescriptor
                0x08002fa8       0x1c /tmp/ccPCJrFW.ltrans3.ltrans.o
 .text.USBD_FS_ProductStrDescriptor
                0x08002fc4       0x24 /tmp/ccPCJrFW.ltrans3.ltrans.o
 .text.USBD_LL_Start
                0x08002fe8       0x10 /tmp/ccPCJrFW.ltrans3.ltrans.o
 .text.USBD_Start
                0x08002ff8        0xc /tmp/ccPCJrFW.ltrans3.ltrans.o
 .text.USBD_LL_Init
                0x08003004       0x68 /tmp/ccPCJrFW.ltrans3.ltrans.o
 .text.USBD_Init
                0x0800306c       0x30 /tmp/ccPCJrFW.ltrans3.ltrans.o
 .text.MX_USB_DEVICE_Init
                0x0800309c       0x2c /tmp/ccPCJrFW.ltrans3.ltrans.o
 .text.pwgen_output
                0x080030c8       0x3c /tmp/ccPCJrFW.ltrans3.ltrans.o
 .text.MX_GPIO_Init
                0x08003104       0x60 /tmp/ccPCJrFW.ltrans3.ltrans.o
 .text.SystemClock_Config
                0x08003164       0x90 /tmp/ccPCJrFW.ltrans3.ltrans.o
 .text.USBD_ClrClassConfig
                0x080031f4       0x10 /tmp/ccPCJrFW.ltrans3.ltrans.o
                0x080031f4                USBD_ClrClassConfig
 .text.USBD_SetClassConfig
                0x08003204       0x1c /tmp/ccPCJrFW.ltrans3.ltrans.o
                0x08003204                USBD_SetClassConfig
 .text.USBD_static_malloc
                0x08003220        0x8 /tmp/ccPCJrFW.ltrans3.ltrans.o
                0x08003220                USBD_static_malloc
 .text.USBD_LL_PrepareReceive
                0x08003228       0x10 /tmp/ccPCJrFW.ltrans3.ltrans.o
                0x08003228                USBD_LL_PrepareReceive
 .text.USBD_LL_Transmit
                0x08003238       0x10 /tmp/ccPCJrFW.ltrans3.ltrans.o
                0x08003238                USBD_LL_Transmit
 .text.USBD_LL_SetUSBAddress
                0x08003248       0x10 /tmp/ccPCJrFW.ltrans3.ltrans.o
                0x08003248                USBD_LL_SetUSBAddress
 .text.USBD_LL_IsStallEP
                0x08003258       0x28 /tmp/ccPCJrFW.ltrans3.ltrans.o
                0x08003258                USBD_LL_IsStallEP
 .text.USBD_LL_ClearStallEP
                0x08003280       0x10 /tmp/ccPCJrFW.ltrans3.ltrans.o
                0x08003280                USBD_LL_ClearStallEP
 .text.USBD_LL_StallEP
                0x08003290       0x10 /tmp/ccPCJrFW.ltrans3.ltrans.o
                0x08003290                USBD_LL_StallEP
 .text.USBD_LL_SetupStage
                0x080032a0       0x5c /tmp/ccPCJrFW.ltrans3.ltrans.o
 .text.USBD_LL_CloseEP
                0x080032fc       0x10 /tmp/ccPCJrFW.ltrans3.ltrans.o
                0x080032fc                USBD_LL_CloseEP
 .text.USBD_LL_OpenEP
                0x0800330c       0x14 /tmp/ccPCJrFW.ltrans3.ltrans.o
                0x0800330c                USBD_LL_OpenEP
 .text.HAL_PCD_ResumeCallback
                0x08003320        0xc /tmp/ccPCJrFW.ltrans3.ltrans.o
                0x08003320                HAL_PCD_ResumeCallback
 .text.HAL_PCD_SuspendCallback
                0x0800332c       0x20 /tmp/ccPCJrFW.ltrans3.ltrans.o
                0x0800332c                HAL_PCD_SuspendCallback
 .text.HAL_PCD_ResetCallback
                0x0800334c       0x18 /tmp/ccPCJrFW.ltrans3.ltrans.o
                0x0800334c                HAL_PCD_ResetCallback
 .text.HAL_PCD_SOFCallback
                0x08003364        0xc /tmp/ccPCJrFW.ltrans3.ltrans.o
                0x08003364                HAL_PCD_SOFCallback
 .text.HAL_PCD_DataInStageCallback
                0x08003370       0x14 /tmp/ccPCJrFW.ltrans3.ltrans.o
                0x08003370                HAL_PCD_DataInStageCallback
 .text.HAL_PCD_DataOutStageCallback
                0x08003384       0x14 /tmp/ccPCJrFW.ltrans3.ltrans.o
                0x08003384                HAL_PCD_DataOutStageCallback
 .text.HAL_PCD_SetupStageCallback
                0x08003398       0x10 /tmp/ccPCJrFW.ltrans3.ltrans.o
                0x08003398                HAL_PCD_SetupStageCallback
 .text.HAL_PCD_MspInit
                0x080033a8       0x40 /tmp/ccPCJrFW.ltrans3.ltrans.o
                0x080033a8                HAL_PCD_MspInit
 .text.USB_LP_CAN1_RX0_IRQHandler
                0x080033e8       0x10 /tmp/ccPCJrFW.ltrans3.ltrans.o
                0x080033e8                USB_LP_CAN1_RX0_IRQHandler
 .text.SysTick_Handler
                0x080033f8        0x8 /tmp/ccPCJrFW.ltrans3.ltrans.o
                0x080033f8                SysTick_Handler
 .text.PendSV_Handler
                0x08003400        0x4 /tmp/ccPCJrFW.ltrans3.ltrans.o
                0x08003400                PendSV_Handler
 .text.DebugMon_Handler
                0x08003404        0x4 /tmp/ccPCJrFW.ltrans3.ltrans.o
                0x08003404                DebugMon_Handler
 .text.SVC_Handler
                0x08003408        0x4 /tmp/ccPCJrFW.ltrans3.ltrans.o
                0x08003408                SVC_Handler
 .text.UsageFault_Handler
                0x0800340c        0x4 /tmp/ccPCJrFW.ltrans3.ltrans.o
                0x0800340c                UsageFault_Handler
 .text.BusFault_Handler
                0x08003410        0x4 /tmp/ccPCJrFW.ltrans3.ltrans.o
                0x08003410                BusFault_Handler
 .text.MemManage_Handler
                0x08003414        0x4 /tmp/ccPCJrFW.ltrans3.ltrans.o
                0x08003414                MemManage_Handler
 .text.HardFault_Handler
                0x08003418        0x4 /tmp/ccPCJrFW.ltrans3.ltrans.o
                0x08003418                HardFault_Handler
 .text.NMI_Handler
                0x0800341c        0x4 /tmp/ccPCJrFW.ltrans3.ltrans.o
                0x0800341c                NMI_Handler
 .text.HAL_MspInit
                0x08003420       0x90 /tmp/ccPCJrFW.ltrans3.ltrans.o
                0x08003420                HAL_MspInit
 .text.main     0x080034b0       0x48 /tmp/ccPCJrFW.ltrans3.ltrans.o
                0x080034b0                main
 .text.Default_Handler
                0x080034f8        0x2 ./system/src/cmsis/startup_stm32f103xb.o
                0x080034f8                RTC_Alarm_IRQHandler
                0x080034f8                EXTI2_IRQHandler
                0x080034f8                TIM1_CC_IRQHandler
                0x080034f8                PVD_IRQHandler
                0x080034f8                EXTI3_IRQHandler
                0x080034f8                EXTI0_IRQHandler
                0x080034f8                I2C2_EV_IRQHandler
                0x080034f8                ADC1_2_IRQHandler
                0x080034f8                SPI1_IRQHandler
                0x080034f8                TAMPER_IRQHandler
                0x080034f8                DMA1_Channel4_IRQHandler
                0x080034f8                USART3_IRQHandler
                0x080034f8                RTC_IRQHandler
                0x080034f8                DMA1_Channel7_IRQHandler
                0x080034f8                CAN1_RX1_IRQHandler
                0x080034f8                TIM4_IRQHandler
                0x080034f8                I2C1_EV_IRQHandler
                0x080034f8                DMA1_Channel6_IRQHandler
                0x080034f8                TIM3_IRQHandler
                0x080034f8                RCC_IRQHandler
                0x080034f8                TIM1_TRG_COM_IRQHandler
                0x080034f8                DMA1_Channel1_IRQHandler
                0x080034f8                Default_Handler
                0x080034f8                EXTI15_10_IRQHandler
                0x080034f8                EXTI9_5_IRQHandler
                0x080034f8                SPI2_IRQHandler
                0x080034f8                DMA1_Channel5_IRQHandler
                0x080034f8                EXTI4_IRQHandler
                0x080034f8                USB_HP_CAN1_TX_IRQHandler
                0x080034f8                DMA1_Channel3_IRQHandler
                0x080034f8                TIM1_UP_IRQHandler
                0x080034f8                WWDG_IRQHandler
                0x080034f8                TIM2_IRQHandler
                0x080034f8                TIM1_BRK_IRQHandler
                0x080034f8                EXTI1_IRQHandler
                0x080034f8                USART2_IRQHandler
                0x080034f8                I2C2_ER_IRQHandler
                0x080034f8                DMA1_Channel2_IRQHandler
                0x080034f8                CAN1_SCE_IRQHandler
                0x080034f8                FLASH_IRQHandler
                0x080034f8                USART1_IRQHandler
                0x080034f8                I2C1_ER_IRQHandler
                0x080034f8                USBWakeUp_IRQHandler
 .text.strncmp  0x080034fa       0x2a /home/tim/dev/stm32/gcc-arm-none-eabi/bin/../lib/gcc/arm-none-eabi/5.3.1/../../../../arm-none-eabi/lib/armv7-m/libg_nano.a(lib_a-strncmp.o)
                0x080034fa                strncmp
 .text.strncpy  0x08003524       0x26 /home/tim/dev/stm32/gcc-arm-none-eabi/bin/../lib/gcc/arm-none-eabi/5.3.1/../../../../arm-none-eabi/lib/armv7-m/libg_nano.a(lib_a-strncpy.o)
                0x08003524                strncpy
 *fill*         0x0800354a        0x2 
 .text          0x0800354c       0x30 /home/tim/dev/stm32/gcc-arm-none-eabi/bin/../lib/gcc/arm-none-eabi/5.3.1/armv7-m/libgcc.a(_aeabi_uldivmod.o)
                0x0800354c                __aeabi_uldivmod
 .text          0x0800357c      0x2ec /home/tim/dev/stm32/gcc-arm-none-eabi/bin/../lib/gcc/arm-none-eabi/5.3.1/armv7-m/libgcc.a(_udivmoddi4.o)
                0x0800357c                __udivmoddi4
 .text          0x08003868        0x4 /home/tim/dev/stm32/gcc-arm-none-eabi/bin/../lib/gcc/arm-none-eabi/5.3.1/armv7-m/libgcc.a(_dvmd_tls.o)
                0x08003868                __aeabi_ldiv0
                0x08003868                __aeabi_idiv0
 *(.rodata .rodata.* .constdata .constdata.*)
 .rodata        0x0800386c       0x12 /tmp/ccPCJrFW.ltrans1.ltrans.o
 *fill*         0x0800387e        0x2 
 .rodata.AHBPrescTable
                0x08003880       0x10 /tmp/ccPCJrFW.ltrans1.ltrans.o
                0x08003880                AHBPrescTable
 .rodata.brute_force_offset_tables
                0x08003890       0x38 /tmp/ccPCJrFW.ltrans3.ltrans.o
 .rodata.wordlist
                0x080038c8     0x9121 /tmp/ccPCJrFW.ltrans3.ltrans.o
 *fill*         0x0800c9e9        0x3 
 .rodata.str1.4
                0x0800c9ec       0xa0 /tmp/ccPCJrFW.ltrans3.ltrans.o
                                 0x9f (size before relaxing)
 *(vtable)
 *(.eh_frame*)
 *(.glue_7)
 .glue_7        0x0800ca8c        0x0 linker stubs
 *(.glue_7t)
 .glue_7t       0x0800ca8c        0x0 linker stubs

.vfp11_veneer   0x0800ca8c        0x0
 .vfp11_veneer  0x0800ca8c        0x0 linker stubs

.v4_bx          0x0800ca8c        0x0
 .v4_bx         0x0800ca8c        0x0 linker stubs

.iplt           0x0800ca8c        0x0
 .iplt          0x0800ca8c        0x0 ./system/src/cmsis/startup_stm32f103xb.o

.ARM.extab
 *(.ARM.extab* .gnu.linkonce.armextab.*)
                0x0800ca8c                . = ALIGN (0x4)
                0x0800ca8c                __exidx_start = .

.ARM.exidx      0x0800ca8c        0x8
 *(.ARM.exidx* .gnu.linkonce.armexidx.*)
 .ARM.exidx     0x0800ca8c        0x8 /home/tim/dev/stm32/gcc-arm-none-eabi/bin/../lib/gcc/arm-none-eabi/5.3.1/armv7-m/libgcc.a(_udivmoddi4.o)
                0x0800ca94                __exidx_end = .

.rel.dyn        0x0800ca94        0x0
 .rel.iplt      0x0800ca94        0x0 ./system/src/cmsis/startup_stm32f103xb.o
                0x0800ca94                . = ALIGN (0x4)
                0x0800ca94                _etext = .
                0x0800ca94                __etext = .

.data_CCMRAM    0x00000000        0x0 load address 0x0800ca94
 FILL mask 0xff
 *(.data.CCMRAM .data.CCMRAM.*)
                0x00000000                . = ALIGN (0x4)
                0x0800ca94                _sidata = LOADADDR (.data)

.data           0x20000000      0x100 load address 0x0800ca94
 FILL mask 0xff
                0x20000000                _sdata = .
                0x20000000                __data_start__ = .
 *(.data_begin .data_begin.*)
 .data_begin    0x20000000        0x4 /tmp/ccPCJrFW.ltrans1.ltrans.o
 *(.data .data.*)
 .data.argv.4255
                0x20000004        0x8 /tmp/ccPCJrFW.ltrans1.ltrans.o
 .data.SystemCoreClock
                0x2000000c        0x4 /tmp/ccPCJrFW.ltrans1.ltrans.o
                0x2000000c                SystemCoreClock
 .data.HID_MOUSE_ReportDesc
                0x20000010       0x41 /tmp/ccPCJrFW.ltrans2.ltrans.o
 *fill*         0x20000051        0x3 ff
 .data.USBD_HID_Desc
                0x20000054        0x9 /tmp/ccPCJrFW.ltrans2.ltrans.o
 *fill*         0x2000005d        0x3 ff
 .data.USBD_HID_DeviceQualifierDesc
                0x20000060        0xa /tmp/ccPCJrFW.ltrans2.ltrans.o
 *fill*         0x2000006a        0x2 ff
 .data.USBD_HID_CfgDesc
                0x2000006c       0x22 /tmp/ccPCJrFW.ltrans2.ltrans.o
 *fill*         0x2000008e        0x2 ff
 .data.FS_Desc  0x20000090       0x1c /tmp/ccPCJrFW.ltrans3.ltrans.o
 .data.USBD_HID
                0x200000ac       0x38 /tmp/ccPCJrFW.ltrans3.ltrans.o
 .data.USBD_LangIDDesc
                0x200000e4        0x4 /tmp/ccPCJrFW.ltrans3.ltrans.o
 .data.USBD_FS_DeviceDesc
                0x200000e8       0x12 /tmp/ccPCJrFW.ltrans3.ltrans.o
 *(.data_end .data_end.*)
 *fill*         0x200000fa        0x2 ff
 .data_end      0x200000fc        0x4 /tmp/ccPCJrFW.ltrans1.ltrans.o
                0x20000100                . = ALIGN (0x4)
                0x20000100                _edata = .
                0x20000100                __data_end__ = .

.igot.plt       0x20000100        0x0 load address 0x0800cb94
 .igot.plt      0x20000100        0x0 ./system/src/cmsis/startup_stm32f103xb.o

.bss_CCMRAM     0x00000000        0x0
 *(.bss.CCMRAM .bss.CCMRAM.*)

.bss            0x20000100      0x868
                0x20000100                __bss_start__ = .
                0x20000100                _sbss = .
 *(.bss_begin .bss_begin.*)
 .bss_begin     0x20000100        0x4 /tmp/ccPCJrFW.ltrans1.ltrans.o
 *(.bss .bss.*)
 .bss.uwTick    0x20000104        0x4 /tmp/ccPCJrFW.ltrans0.ltrans.o
 .bss.name.4254
                0x20000108        0x1 /tmp/ccPCJrFW.ltrans1.ltrans.o
 .bss.cfgidx.6997
                0x20000109        0x1 /tmp/ccPCJrFW.ltrans2.ltrans.o
 *fill*         0x2000010a        0x2 
 .bss.hpcd_USB_FS
                0x2000010c      0x420 /tmp/ccPCJrFW.ltrans3.ltrans.o
 .bss.hUsbDeviceFS
                0x2000052c      0x224 /tmp/ccPCJrFW.ltrans3.ltrans.o
                0x2000052c                hUsbDeviceFS
 .bss.mem.7034  0x20000750       0x14 /tmp/ccPCJrFW.ltrans3.ltrans.o
 .bss.USBD_StrDesc
                0x20000764      0x200 /tmp/ccPCJrFW.ltrans3.ltrans.o
 *(COMMON)
 *(.bss_end .bss_end.*)
 .bss_end       0x20000964        0x4 /tmp/ccPCJrFW.ltrans1.ltrans.o
                0x20000968                . = ALIGN (0x4)
                0x20000968                __bss_end__ = .
                0x20000968                _ebss = .

.noinit_CCMRAM
 *(.noinit.CCMRAM .noinit.CCMRAM.*)

.noinit         0x20000968        0x0
                0x20000968                _noinit = .
 *(.noinit .noinit.*)
                0x20000968                . = ALIGN (0x4)
                0x20000968                _end_noinit = .
                [!provide]                PROVIDE (end, _end_noinit)
                [!provide]                PROVIDE (_end, _end_noinit)
                [!provide]                PROVIDE (__end, _end_noinit)
                [!provide]                PROVIDE (__end__, _end_noinit)

._check_stack   0x20000968      0x100
                0x20000a68                . = (. + _Minimum_Stack_Size)
 *fill*         0x20000968      0x100 

.b1text
 *(.b1text)
 *(.b1rodata)
 *(.b1rodata.*)

.eb0text
 *(.eb0text)
 *(.eb0rodata)
 *(.eb0rodata.*)

.eb1text
 *(.eb1text)
 *(.eb1rodata)
 *(.eb1rodata.*)

.eb2text
 *(.eb2text)
 *(.eb2rodata)
 *(.eb2rodata.*)

.eb3text
 *(.eb3text)
 *(.eb3rodata)
 *(.eb3rodata.*)

.stab
 *(.stab)

.stabstr
 *(.stabstr)

.stab.excl
 *(.stab.excl)

.stab.exclstr
 *(.stab.exclstr)

.stab.index
 *(.stab.index)

.stab.indexstr
 *(.stab.indexstr)

.comment        0x00000000       0x6e
 *(.comment)
 .comment       0x00000000       0x6e /tmp/ccPCJrFW.ltrans0.ltrans.o
                                 0x6f (size before relaxing)
 .comment       0x0000006e       0x6f /tmp/ccPCJrFW.ltrans1.ltrans.o
 .comment       0x0000006e       0x6f /tmp/ccPCJrFW.ltrans2.ltrans.o
 .comment       0x0000006e       0x6f /tmp/ccPCJrFW.ltrans3.ltrans.o

.ARM.attributes
                0x00000000       0x31
 .ARM.attributes
                0x00000000       0x31 /tmp/ccPCJrFW.ltrans0.ltrans.o
 .ARM.attributes
                0x00000031       0x31 /tmp/ccPCJrFW.ltrans1.ltrans.o
 .ARM.attributes
                0x00000062       0x31 /tmp/ccPCJrFW.ltrans2.ltrans.o
 .ARM.attributes
                0x00000093       0x31 /tmp/ccPCJrFW.ltrans3.ltrans.o
 .ARM.attributes
                0x000000c4       0x21 ./system/src/cmsis/startup_stm32f103xb.o
 .ARM.attributes
                0x000000e5       0x2d /home/tim/dev/stm32/gcc-arm-none-eabi/bin/../lib/gcc/arm-none-eabi/5.3.1/../../../../arm-none-eabi/lib/armv7-m/libg_nano.a(lib_a-strncmp.o)
 .ARM.attributes
                0x00000112       0x2d /home/tim/dev/stm32/gcc-arm-none-eabi/bin/../lib/gcc/arm-none-eabi/5.3.1/../../../../arm-none-eabi/lib/armv7-m/libg_nano.a(lib_a-strncpy.o)
 .ARM.attributes
                0x0000013f       0x1d /home/tim/dev/stm32/gcc-arm-none-eabi/bin/../lib/gcc/arm-none-eabi/5.3.1/armv7-m/libgcc.a(_aeabi_uldivmod.o)
 .ARM.attributes
                0x0000015c       0x2d /home/tim/dev/stm32/gcc-arm-none-eabi/bin/../lib/gcc/arm-none-eabi/5.3.1/armv7-m/libgcc.a(_udivmoddi4.o)
 .ARM.attributes
                0x00000189       0x1d /home/tim/dev/stm32/gcc-arm-none-eabi/bin/../lib/gcc/arm-none-eabi/5.3.1/armv7-m/libgcc.a(_dvmd_tls.o)

.debug
 *(.debug)

.line
 *(.line)

.debug_srcinfo
 *(.debug_srcinfo)

.debug_sfnames
 *(.debug_sfnames)

.debug_aranges  0x00000000      0x540
 *(.debug_aranges)
 .debug_aranges
                0x00000000       0xf8 /tmp/ccPCJrFW.ltrans0.ltrans.o
 .debug_aranges
                0x000000f8      0x130 /tmp/ccPCJrFW.ltrans1.ltrans.o
 .debug_aranges
                0x00000228      0x128 /tmp/ccPCJrFW.ltrans2.ltrans.o
 .debug_aranges
                0x00000350      0x1c8 /tmp/ccPCJrFW.ltrans3.ltrans.o
 .debug_aranges
                0x00000518       0x28 ./system/src/cmsis/startup_stm32f103xb.o

.debug_pubnames
 *(.debug_pubnames)

.debug_info     0x00000000     0x6a3d
 *(.debug_info .gnu.linkonce.wi.*)
 .debug_info    0x00000000     0x1f6c /tmp/ccPCJrFW.ltrans0.ltrans.o
 .debug_info    0x00001f6c     0x15a7 /tmp/ccPCJrFW.ltrans1.ltrans.o
 .debug_info    0x00003513     0x1523 /tmp/ccPCJrFW.ltrans2.ltrans.o
 .debug_info    0x00004a36     0x1f8c /tmp/ccPCJrFW.ltrans3.ltrans.o
 .debug_info    0x000069c2       0x7b ./system/src/cmsis/startup_stm32f103xb.o

.debug_abbrev   0x00000000      0xdf5
 *(.debug_abbrev)
 .debug_abbrev  0x00000000      0x381 /tmp/ccPCJrFW.ltrans0.ltrans.o
 .debug_abbrev  0x00000381      0x41b /tmp/ccPCJrFW.ltrans1.ltrans.o
 .debug_abbrev  0x0000079c      0x2aa /tmp/ccPCJrFW.ltrans2.ltrans.o
 .debug_abbrev  0x00000a46      0x39d /tmp/ccPCJrFW.ltrans3.ltrans.o
 .debug_abbrev  0x00000de3       0x12 ./system/src/cmsis/startup_stm32f103xb.o

.debug_line     0x00000000     0x1d29
 *(.debug_line)
 .debug_line    0x00000000      0x869 /tmp/ccPCJrFW.ltrans0.ltrans.o
 .debug_line    0x00000869      0x725 /tmp/ccPCJrFW.ltrans1.ltrans.o
 .debug_line    0x00000f8e      0x4dd /tmp/ccPCJrFW.ltrans2.ltrans.o
 .debug_line    0x0000146b      0x838 /tmp/ccPCJrFW.ltrans3.ltrans.o
 .debug_line    0x00001ca3       0x86 ./system/src/cmsis/startup_stm32f103xb.o

.debug_frame    0x00000000      0xe78
 *(.debug_frame)
 .debug_frame   0x00000000      0x2dc /tmp/ccPCJrFW.ltrans0.ltrans.o
 .debug_frame   0x000002dc      0x2f4 /tmp/ccPCJrFW.ltrans1.ltrans.o
 .debug_frame   0x000005d0      0x32c /tmp/ccPCJrFW.ltrans2.ltrans.o
 .debug_frame   0x000008fc      0x4c4 /tmp/ccPCJrFW.ltrans3.ltrans.o
 .debug_frame   0x00000dc0       0x2c /home/tim/dev/stm32/gcc-arm-none-eabi/bin/../lib/gcc/arm-none-eabi/5.3.1/../../../../arm-none-eabi/lib/armv7-m/libg_nano.a(lib_a-strncmp.o)
 .debug_frame   0x00000dec       0x28 /home/tim/dev/stm32/gcc-arm-none-eabi/bin/../lib/gcc/arm-none-eabi/5.3.1/../../../../arm-none-eabi/lib/armv7-m/libg_nano.a(lib_a-strncpy.o)
 .debug_frame   0x00000e14       0x2c /home/tim/dev/stm32/gcc-arm-none-eabi/bin/../lib/gcc/arm-none-eabi/5.3.1/armv7-m/libgcc.a(_aeabi_uldivmod.o)
 .debug_frame   0x00000e40       0x38 /home/tim/dev/stm32/gcc-arm-none-eabi/bin/../lib/gcc/arm-none-eabi/5.3.1/armv7-m/libgcc.a(_udivmoddi4.o)

.debug_str      0x00000000     0x1e28
 *(.debug_str)
 .debug_str     0x00000000      0xcd9 /tmp/ccPCJrFW.ltrans0.ltrans.o
                                0xdb5 (size before relaxing)
 .debug_str     0x00000cd9      0x4de /tmp/ccPCJrFW.ltrans1.ltrans.o
                                0x952 (size before relaxing)
 .debug_str     0x000011b7      0x760 /tmp/ccPCJrFW.ltrans2.ltrans.o
                                0x9a0 (size before relaxing)
 .debug_str     0x00001917      0x511 /tmp/ccPCJrFW.ltrans3.ltrans.o
                                0xf9b (size before relaxing)

.debug_loc      0x00000000     0x45c8
 *(.debug_loc)
 .debug_loc     0x00000000     0x14a1 /tmp/ccPCJrFW.ltrans0.ltrans.o
 .debug_loc     0x000014a1      0xf7a /tmp/ccPCJrFW.ltrans1.ltrans.o
 .debug_loc     0x0000241b     0x13b4 /tmp/ccPCJrFW.ltrans2.ltrans.o
 .debug_loc     0x000037cf      0xdf9 /tmp/ccPCJrFW.ltrans3.ltrans.o

.debug_macinfo
 *(.debug_macinfo)

.debug_weaknames
 *(.debug_weaknames)

.debug_funcnames
 *(.debug_funcnames)

.debug_typenames
 *(.debug_typenames)

.debug_varnames
 *(.debug_varnames)
OUTPUT(USB-Password-Stick.elf elf32-littlearm)

.debug_ranges   0x00000000      0x560
 .debug_ranges  0x00000000      0x100 /tmp/ccPCJrFW.ltrans0.ltrans.o
 .debug_ranges  0x00000100      0x170 /tmp/ccPCJrFW.ltrans1.ltrans.o
 .debug_ranges  0x00000270      0x118 /tmp/ccPCJrFW.ltrans2.ltrans.o
 .debug_ranges  0x00000388      0x1b8 /tmp/ccPCJrFW.ltrans3.ltrans.o
 .debug_ranges  0x00000540       0x20 ./system/src/cmsis/startup_stm32f103xb.o
